// Jest Snapshot v1, https://goo.gl/fbAQLP

exports[`renders ./components/radio/demo/basic.md correctly 1`] = `
<div>
  <div
    class="ej-list"
  >
    <div
      class="ej-list-header"
    >
      RadioItem demo
    </div>
    <div
      class="ej-list-body"
    >
      <div
        checked=""
        class="ej-list-item ej-radio-item ej-list-item-middle"
      >
        <div
          class="ej-list-line"
        >
          <div
            class="ej-list-content"
          >
            doctor
          </div>
          <div
            class="ej-list-extra"
          >
            <label
              class="ej-radio-wrapper"
            >
              <span
                class="ej-radio ej-radio-checked"
              >
                <input
                  checked=""
                  class="ej-radio-input"
                  type="radio"
                />
                <span
                  class="ej-radio-inner"
                />
              </span>
            </label>
          </div>
        </div>
        <div
          class="ej-list-ripple"
          style="display:none"
        />
      </div>
      <div
        class="ej-list-item ej-radio-item ej-list-item-middle"
      >
        <div
          class="ej-list-line"
        >
          <div
            class="ej-list-content"
          >
            bachelor
          </div>
          <div
            class="ej-list-extra"
          >
            <label
              class="ej-radio-wrapper"
            >
              <span
                class="ej-radio"
              >
                <input
                  class="ej-radio-input"
                  type="radio"
                />
                <span
                  class="ej-radio-inner"
                />
              </span>
            </label>
          </div>
        </div>
        <div
          class="ej-list-ripple"
          style="display:none"
        />
      </div>
    </div>
  </div>
  <div
    class="ej-whitespace ej-whitespace-lg"
  />
  <div
    class="ej-list"
  >
    <div
      class="ej-list-body"
    >
      <div
        checked=""
        class="ej-list-item ej-radio-item ej-list-item-middle"
      >
        <div
          class="ej-list-line"
        >
          <div
            class="ej-list-content"
          >
            basketball
            <div
              class="ej-list-brief"
            >
              details
            </div>
          </div>
          <div
            class="ej-list-extra"
          >
            <label
              class="ej-radio-wrapper"
            >
              <span
                class="ej-radio ej-radio-checked"
              >
                <input
                  checked=""
                  class="ej-radio-input"
                  type="radio"
                />
                <span
                  class="ej-radio-inner"
                />
              </span>
            </label>
          </div>
        </div>
        <div
          class="ej-list-ripple"
          style="display:none"
        />
      </div>
      <div
        class="ej-list-item ej-radio-item ej-list-item-middle"
      >
        <div
          class="ej-list-line"
        >
          <div
            class="ej-list-content"
          >
            football
            <div
              class="ej-list-brief"
            >
              details
            </div>
          </div>
          <div
            class="ej-list-extra"
          >
            <label
              class="ej-radio-wrapper"
            >
              <span
                class="ej-radio"
              >
                <input
                  class="ej-radio-input"
                  type="radio"
                />
                <span
                  class="ej-radio-inner"
                />
              </span>
            </label>
          </div>
        </div>
        <div
          class="ej-list-ripple"
          style="display:none"
        />
      </div>
    </div>
  </div>
  <div
    class="ej-list"
  >
    <div
      class="ej-list-header"
    >
      Disabled
    </div>
    <div
      class="ej-list-body"
    >
      <div
        checked=""
        class="ej-list-item ej-radio-item ej-radio-item-disabled ej-list-item-middle"
      >
        <div
          class="ej-list-line"
        >
          <div
            class="ej-list-content"
          >
            doctor
          </div>
          <div
            class="ej-list-extra"
          >
            <label
              class="ej-radio-wrapper"
            >
              <span
                class="ej-radio ej-radio-checked ej-radio-disabled"
              >
                <input
                  checked=""
                  class="ej-radio-input"
                  disabled=""
                  type="radio"
                />
                <span
                  class="ej-radio-inner"
                />
              </span>
            </label>
          </div>
        </div>
        <div
          class="ej-list-ripple"
          style="display:none"
        />
      </div>
      <div
        class="ej-list-item ej-radio-item ej-radio-item-disabled ej-list-item-middle"
      >
        <div
          class="ej-list-line"
        >
          <div
            class="ej-list-content"
          >
            bachelor
          </div>
          <div
            class="ej-list-extra"
          >
            <label
              class="ej-radio-wrapper"
            >
              <span
                class="ej-radio ej-radio-disabled"
              >
                <input
                  class="ej-radio-input"
                  disabled=""
                  type="radio"
                />
                <span
                  class="ej-radio-inner"
                />
              </span>
            </label>
          </div>
        </div>
        <div
          class="ej-list-ripple"
          style="display:none"
        />
      </div>
    </div>
  </div>
  <div
    class="ej-whitespace ej-whitespace-lg"
  />
  <div
    class="ej-list"
  >
    <div
      class="ej-list-body"
    >
      <div
        checked=""
        class="ej-list-item ej-radio-item ej-radio-item-disabled ej-list-item-middle"
      >
        <div
          class="ej-list-line"
        >
          <div
            class="ej-list-content"
          >
            basketball
            <div
              class="ej-list-brief"
            >
              details
            </div>
          </div>
          <div
            class="ej-list-extra"
          >
            <label
              class="ej-radio-wrapper"
            >
              <span
                class="ej-radio ej-radio-checked ej-radio-disabled"
              >
                <input
                  checked=""
                  class="ej-radio-input"
                  disabled=""
                  type="radio"
                />
                <span
                  class="ej-radio-inner"
                />
              </span>
            </label>
          </div>
        </div>
        <div
          class="ej-list-ripple"
          style="display:none"
        />
      </div>
      <div
        class="ej-list-item ej-radio-item ej-radio-item-disabled ej-list-item-middle"
      >
        <div
          class="ej-list-line"
        >
          <div
            class="ej-list-content"
          >
            football
            <div
              class="ej-list-brief"
            >
              details
            </div>
          </div>
          <div
            class="ej-list-extra"
          >
            <label
              class="ej-radio-wrapper"
            >
              <span
                class="ej-radio ej-radio-disabled"
              >
                <input
                  class="ej-radio-input"
                  disabled=""
                  type="radio"
                />
                <span
                  class="ej-radio-inner"
                />
              </span>
            </label>
          </div>
        </div>
        <div
          class="ej-list-ripple"
          style="display:none"
        />
      </div>
    </div>
  </div>
  <div
    class="ej-flexbox ej-flexbox-align-center"
    style="padding:15px"
  >
    <div
      class="ej-flexbox-item"
      style="padding:15px 0;color:#888;flex:none"
    >
      Radio demo(dustomized style)
    </div>
    <div
      class="ej-flexbox-item"
    >
      <label
        class="ej-radio-wrapper my-radio"
      >
        <span
          class="ej-radio"
        >
          <input
            class="ej-radio-input"
            type="radio"
          />
          <span
            class="ej-radio-inner"
          />
        </span>
        Agree
      </label>
    </div>
  </div>
</div>
`;
