// Jest Snapshot v1, https://goo.gl/fbAQLP

exports[`Pagination match snapshot 1`] = `
<div
  class="ej-pagination"
>
  <div
    class="ej-flexbox ej-flexbox-align-center"
  >
    <div
      class="ej-flexbox-item ej-pagination-wrap-btn ej-pagination-wrap-btn-prev"
    >
      <a
        aria-disabled="false"
        class="ej-button ej-button-inline"
        role="button"
      >
        <span>
          上一页
        </span>
      </a>
    </div>
    <div
      aria-live="assertive"
      class="ej-flexbox-item ej-pagination-wrap"
    >
      <span
        class="active"
      >
        3
      </span>
      /
      <span>
        5
      </span>
    </div>
    <div
      class="ej-flexbox-item ej-pagination-wrap-btn ej-pagination-wrap-btn-next"
    >
      <a
        aria-disabled="false"
        class="ej-button ej-button-inline"
        role="button"
      >
        <span>
          下一页
        </span>
      </a>
    </div>
  </div>
</div>
`;
