// Jest Snapshot v1, https://goo.gl/fbAQLP

exports[`renders ./components/swipe-action/demo/basic.md correctly 1`] = `
<div
  class="ej-list"
>
  <div
    class="ej-list-body"
  >
    <div
      style="background-color:gray"
    >
      <div
        class="ej-swipe"
      >
        <div
          class="ej-swipe-cover"
        />
        <div
          class="ej-swipe-actions ej-swipe-actions-left"
        >
          <div
            class="ej-swipe-btn "
            role="button"
            style="background-color:#108ee9;color:white"
          >
            <div
              class="ej-swipe-btn-text"
            >
              Reply
            </div>
          </div>
          <div
            class="ej-swipe-btn "
            role="button"
            style="background-color:#ddd;color:white"
          >
            <div
              class="ej-swipe-btn-text"
            >
              Cancel
            </div>
          </div>
        </div>
        <div
          class="ej-swipe-actions ej-swipe-actions-right"
        >
          <div
            class="ej-swipe-btn "
            role="button"
            style="background-color:#ddd;color:white"
          >
            <div
              class="ej-swipe-btn-text"
            >
              Cancel
            </div>
          </div>
          <div
            class="ej-swipe-btn "
            role="button"
            style="background-color:#F4333C;color:white"
          >
            <div
              class="ej-swipe-btn-text"
            >
              Delete
            </div>
          </div>
        </div>
        <div
          class="ej-swipe-content"
          style="touch-action:pan-y"
        >
          <div
            class="ej-list-item ej-list-item-middle"
          >
            <div
              class="ej-list-line"
            >
              <div
                class="ej-list-content"
              >
                Have left and right buttons
              </div>
              <div
                class="ej-list-extra"
              >
                More
              </div>
              <div
                aria-hidden="true"
                class="ej-list-arrow ej-list-arrow-horizontal"
              />
            </div>
            <div
              class="ej-list-ripple"
              style="display:none"
            />
          </div>
        </div>
      </div>
    </div>
    <div
      style="background-color:gray"
    >
      <div
        class="ej-swipe"
      >
        <div
          class="ej-swipe-cover"
        />
        <div
          class="ej-swipe-actions ej-swipe-actions-left"
        >
          <div
            class="ej-swipe-btn "
            role="button"
            style="background-color:#108ee9;color:white"
          >
            <div
              class="ej-swipe-btn-text"
            >
              Reply
            </div>
          </div>
          <div
            class="ej-swipe-btn "
            role="button"
            style="background-color:#ddd;color:white"
          >
            <div
              class="ej-swipe-btn-text"
            >
              Cancel
            </div>
          </div>
        </div>
        <div
          class="ej-swipe-content"
          style="touch-action:pan-y"
        >
          <div
            class="ej-list-item ej-list-item-middle"
          >
            <div
              class="ej-list-line"
            >
              <div
                class="ej-list-content"
              >
                Only left buttons
              </div>
              <div
                class="ej-list-extra"
              >
                More
              </div>
              <div
                aria-hidden="true"
                class="ej-list-arrow ej-list-arrow-horizontal"
              />
            </div>
            <div
              class="ej-list-ripple"
              style="display:none"
            />
          </div>
        </div>
      </div>
    </div>
    <div
      style="background-color:gray"
    >
      <div
        class="ej-swipe"
      >
        <div
          class="ej-swipe-cover"
        />
        <div
          class="ej-swipe-actions ej-swipe-actions-right"
        >
          <div
            class="ej-swipe-btn "
            role="button"
            style="background-color:#ddd;color:white"
          >
            <div
              class="ej-swipe-btn-text"
            >
              Cancel
            </div>
          </div>
          <div
            class="ej-swipe-btn "
            role="button"
            style="background-color:#F4333C;color:white"
          >
            <div
              class="ej-swipe-btn-text"
            >
              Delete
            </div>
          </div>
        </div>
        <div
          class="ej-swipe-content"
          style="touch-action:pan-y"
        >
          <div
            class="ej-list-item ej-list-item-middle"
          >
            <div
              class="ej-list-line"
            >
              <div
                class="ej-list-content"
              >
                Only right buttons
              </div>
              <div
                class="ej-list-extra"
              >
                More
              </div>
              <div
                aria-hidden="true"
                class="ej-list-arrow ej-list-arrow-horizontal"
              />
            </div>
            <div
              class="ej-list-ripple"
              style="display:none"
            />
          </div>
        </div>
      </div>
    </div>
    <div
      style="background-color:gray"
    >
      <div
        class="ej-swipe"
      >
        <div
          class="ej-swipe-cover"
        />
        <div
          class="ej-swipe-actions ej-swipe-actions-right"
        >
          <div
            class="ej-swipe-btn "
            role="button"
            style="background-color:#ddd;color:white"
          >
            <div
              class="ej-swipe-btn-text"
            >
              short
            </div>
          </div>
          <div
            class="ej-swipe-btn "
            role="button"
            style="background-color:#F4333C;color:white"
          >
            <div
              class="ej-swipe-btn-text"
            >
              long text
            </div>
          </div>
        </div>
        <div
          class="ej-swipe-content"
          style="touch-action:pan-y"
        >
          <div
            class="ej-list-item ej-list-item-middle"
          >
            <div
              class="ej-list-line"
            >
              <div
                class="ej-list-content"
              >
                Different button width
              </div>
              <div
                class="ej-list-extra"
              >
                More
              </div>
              <div
                aria-hidden="true"
                class="ej-list-arrow ej-list-arrow-horizontal"
              />
            </div>
            <div
              class="ej-list-ripple"
              style="display:none"
            />
          </div>
        </div>
      </div>
    </div>
    <div
      style="background-color:gray"
    >
      <div
        class="ej-swipe"
      >
        <div
          class="ej-swipe-cover"
        />
        <div
          class="ej-swipe-actions ej-swipe-actions-right"
        >
          <div
            class="ej-swipe-btn "
            role="button"
            style="background-color:#ddd;color:white"
          >
            <div
              class="ej-swipe-btn-text"
            >
              button1
            </div>
          </div>
          <div
            class="ej-swipe-btn "
            role="button"
            style="background-color:#F4333C;color:white"
          >
            <div
              class="ej-swipe-btn-text"
            >
              button2
            </div>
          </div>
        </div>
        <div
          class="ej-swipe-content"
          style="touch-action:pan-y"
        >
          <div
            class="ej-list-item ej-list-item-middle"
          >
            <div
              class="ej-list-line"
            >
              <div
                class="ej-list-content"
              >
                List.Item with onClick
              </div>
              <div
                class="ej-list-extra"
              >
                More
              </div>
              <div
                aria-hidden="true"
                class="ej-list-arrow ej-list-arrow-horizontal"
              />
            </div>
            <div
              class="ej-list-ripple"
              style="display:none"
            />
          </div>
        </div>
      </div>
    </div>
  </div>
</div>
`;
