// Jest Snapshot v1, https://goo.gl/fbAQLP

exports[`NavBar renders correctly 1`] = `
<div
  class="ej-navbar ej-navbar-light"
>
  <div
    class="ej-navbar-left"
    role="button"
  >
    返回
  </div>
  <div
    class="ej-navbar-title"
  >
    NavBar
  </div>
  <div
    class="ej-navbar-right"
  >
    i
  </div>
</div>
`;
