// Jest Snapshot v1, https://goo.gl/fbAQLP

exports[`renders ./components/checkbox/demo/basic.md correctly 1`] = `
<div>
  <div
    class="ej-list"
  >
    <div
      class="ej-list-header"
    >
      CheckboxItem demo
    </div>
    <div
      class="ej-list-body"
    >
      <div
        class="ej-list-item ej-checkbox-item ej-list-item-middle"
      >
        <div
          class="ej-list-thumb"
        >
          <label
            class="ej-checkbox-wrapper"
          >
            <span
              class="ej-checkbox"
            >
              <input
                class="ej-checkbox-input"
                type="checkbox"
              />
              <span
                class="ej-checkbox-inner"
              />
            </span>
          </label>
        </div>
        <div
          class="ej-list-line"
        >
          <div
            class="ej-list-content"
          >
            Ph.D.
          </div>
        </div>
        <div
          class="ej-list-ripple"
          style="display:none"
        />
      </div>
      <div
        class="ej-list-item ej-checkbox-item ej-list-item-middle"
      >
        <div
          class="ej-list-thumb"
        >
          <label
            class="ej-checkbox-wrapper"
          >
            <span
              class="ej-checkbox"
            >
              <input
                class="ej-checkbox-input"
                type="checkbox"
              />
              <span
                class="ej-checkbox-inner"
              />
            </span>
          </label>
        </div>
        <div
          class="ej-list-line"
        >
          <div
            class="ej-list-content"
          >
            Bachelor
          </div>
        </div>
        <div
          class="ej-list-ripple"
          style="display:none"
        />
      </div>
      <div
        class="ej-list-item ej-checkbox-item ej-list-item-middle"
      >
        <div
          class="ej-list-thumb"
        >
          <label
            class="ej-checkbox-wrapper"
          >
            <span
              class="ej-checkbox"
            >
              <input
                class="ej-checkbox-input"
                type="checkbox"
              />
              <span
                class="ej-checkbox-inner"
              />
            </span>
          </label>
        </div>
        <div
          class="ej-list-line"
        >
          <div
            class="ej-list-content"
          >
            College diploma
          </div>
        </div>
        <div
          class="ej-list-ripple"
          style="display:none"
        />
      </div>
      <div
        class="ej-list-item ej-checkbox-item ej-checkbox-item-disabled ej-list-item-middle"
        data-seed="logId"
      >
        <div
          class="ej-list-thumb"
        >
          <label
            class="ej-checkbox-wrapper"
          >
            <span
              class="ej-checkbox ej-checkbox-checked ej-checkbox-disabled"
            >
              <input
                checked=""
                class="ej-checkbox-input"
                disabled=""
                type="checkbox"
              />
              <span
                class="ej-checkbox-inner"
              />
            </span>
          </label>
        </div>
        <div
          class="ej-list-line ej-list-line-multiple"
        >
          <div
            class="ej-list-content"
          >
            Undergraduate
            <div
              class="ej-list-brief"
            >
              Auxiliary text
            </div>
          </div>
        </div>
        <div
          class="ej-list-ripple"
          style="display:none"
        />
      </div>
    </div>
  </div>
  <div
    class="ej-flexbox ej-flexbox-align-center"
  >
    <div
      class="ej-flexbox-item"
    >
      <div
        class="ej-checkbox-agree"
        data-seed="logId"
      >
        <label
          class="ej-checkbox-wrapper ej-checkbox-agree-label"
        >
          <span
            class="ej-checkbox"
          >
            <input
              class="ej-checkbox-input"
              data-seed="logId"
              type="checkbox"
            />
            <span
              class="ej-checkbox-inner"
            />
          </span>
          Agree 
          <a>
            agreement
          </a>
        </label>
      </div>
    </div>
  </div>
</div>
`;
