// Jest Snapshot v1, https://goo.gl/fbAQLP

exports[`Drawer match snapshot 1`] = `
<div
  class="my-drawer ej-drawer ej-drawer-left"
  style="min-height:-200px"
>
  <div
    class="ej-drawer-sidebar"
  >
    <span>
      sidebar content
    </span>
  </div>
  <div
    class="ej-drawer-overlay"
    role="presentation"
  />
  <div
    class="ej-drawer-content"
    style="color:#A6A6A6;text-align:center;padding-top:42px"
  >
    Click upper-left corner icon
  </div>
</div>
`;
