// Jest Snapshot v1, https://goo.gl/fbAQLP

exports[`renders ./components/switch/demo/basic.md correctly 1`] = `
<div
  class="ej-list"
>
  <div
    class="ej-list-header"
  >
    Form switch
  </div>
  <div
    class="ej-list-body"
  >
    <div
      class="ej-list-item ej-list-item-middle"
    >
      <div
        class="ej-list-line"
      >
        <div
          class="ej-list-content"
        >
          On
        </div>
        <div
          class="ej-list-extra"
        >
          <label
            class="ej-switch"
          >
            <input
              checked=""
              class="ej-switch-checkbox"
              name=""
              type="checkbox"
              value="on"
            />
            <div
              class="checkbox"
            />
          </label>
        </div>
      </div>
      <div
        class="ej-list-ripple"
        style="display:none"
      />
    </div>
    <div
      class="ej-list-item ej-list-item-middle"
    >
      <div
        class="ej-list-line"
      >
        <div
          class="ej-list-content"
        >
          Off
        </div>
        <div
          class="ej-list-extra"
        >
          <label
            class="ej-switch"
          >
            <input
              class="ej-switch-checkbox"
              name=""
              type="checkbox"
              value="off"
            />
            <div
              class="checkbox"
            />
          </label>
        </div>
      </div>
      <div
        class="ej-list-ripple"
        style="display:none"
      />
    </div>
    <div
      class="ej-list-item ej-list-item-middle"
    >
      <div
        class="ej-list-line"
      >
        <div
          class="ej-list-content"
        >
          Disabled off
        </div>
        <div
          class="ej-list-extra"
        >
          <label
            class="ej-switch"
          >
            <input
              class="ej-switch-checkbox"
              disabled=""
              name=""
              type="checkbox"
              value="off"
            />
            <div
              class="checkbox checkbox-disabled"
            />
          </label>
        </div>
      </div>
      <div
        class="ej-list-ripple"
        style="display:none"
      />
    </div>
    <div
      class="ej-list-item ej-list-item-middle"
    >
      <div
        class="ej-list-line"
      >
        <div
          class="ej-list-content"
        >
          Disabled on
        </div>
        <div
          class="ej-list-extra"
        >
          <label
            class="ej-switch"
          >
            <input
              checked=""
              class="ej-switch-checkbox"
              disabled=""
              name=""
              type="checkbox"
              value="on"
            />
            <div
              class="checkbox checkbox-disabled"
            />
          </label>
        </div>
      </div>
      <div
        class="ej-list-ripple"
        style="display:none"
      />
    </div>
    <div
      class="ej-list-item ej-list-item-middle"
    >
      <div
        class="ej-list-line"
      >
        <div
          class="ej-list-content"
        >
          Style for Android
        </div>
        <div
          class="ej-list-extra"
        >
          <label
            class="ej-switch ej-switch-android"
          >
            <input
              checked=""
              class="ej-switch-checkbox"
              name=""
              type="checkbox"
              value="on"
            />
            <div
              class="checkbox"
            />
          </label>
        </div>
      </div>
      <div
        class="ej-list-ripple"
        style="display:none"
      />
    </div>
    <div
      class="ej-list-item ej-list-item-middle"
    >
      <div
        class="ej-list-line"
      >
        <div
          class="ej-list-content"
        >
          Color for Android
        </div>
        <div
          class="ej-list-extra"
        >
          <label
            class="ej-switch ej-switch-android"
          >
            <input
              checked=""
              class="ej-switch-checkbox"
              name=""
              type="checkbox"
              value="on"
            />
            <div
              class="checkbox"
              style="background-color:red"
            />
          </label>
        </div>
      </div>
      <div
        class="ej-list-ripple"
        style="display:none"
      />
    </div>
    <div
      class="ej-list-item ej-list-item-middle"
    >
      <div
        class="ej-list-line"
      >
        <div
          class="ej-list-content"
        >
          Style for iOS
        </div>
        <div
          class="ej-list-extra"
        >
          <label
            class="ej-switch"
          >
            <input
              checked=""
              class="ej-switch-checkbox"
              name=""
              type="checkbox"
              value="on"
            />
            <div
              class="checkbox"
            />
          </label>
        </div>
      </div>
      <div
        class="ej-list-ripple"
        style="display:none"
      />
    </div>
    <div
      class="ej-list-item ej-list-item-middle"
    >
      <div
        class="ej-list-line"
      >
        <div
          class="ej-list-content"
        >
          Color for iOS
        </div>
        <div
          class="ej-list-extra"
        >
          <label
            class="ej-switch"
          >
            <input
              checked=""
              class="ej-switch-checkbox"
              name=""
              type="checkbox"
              value="on"
            />
            <div
              class="checkbox"
              style="background-color:red"
            />
          </label>
        </div>
      </div>
      <div
        class="ej-list-ripple"
        style="display:none"
      />
    </div>
  </div>
</div>
`;
